[2026-02-02 03:29:58] EXCEPTION: Unable to connect to the database. Please try again later.
File: /opt/lampp/htdocs/LibarySystem/app/Core/Model.php (Line: 34)
Stack trace:
#0 /opt/lampp/htdocs/LibarySystem/app/Core/Model.php(15): App\Core\Model->getConnection()
#1 /opt/lampp/htdocs/LibarySystem/app/Controllers/AuthController.php(15): App\Core\Model->__construct()
#2 /opt/lampp/htdocs/LibarySystem/public/index.php(119): App\Controllers\AuthController->__construct()
#3 {main}

[2026-02-02 03:30:04] EXCEPTION: Unable to connect to the database. Please try again later.
File: /opt/lampp/htdocs/LibarySystem/app/Core/Model.php (Line: 34)
Stack trace:
#0 /opt/lampp/htdocs/LibarySystem/app/Core/Model.php(15): App\Core\Model->getConnection()
#1 /opt/lampp/htdocs/LibarySystem/app/Controllers/AuthController.php(15): App\Core\Model->__construct()
#2 /opt/lampp/htdocs/LibarySystem/public/index.php(119): App\Controllers\AuthController->__construct()
#3 {main}

[2026-02-02 03:30:05] EXCEPTION: Unable to connect to the database. Please try again later.
File: /opt/lampp/htdocs/LibarySystem/app/Core/Model.php (Line: 34)
Stack trace:
#0 /opt/lampp/htdocs/LibarySystem/app/Core/Model.php(15): App\Core\Model->getConnection()
#1 /opt/lampp/htdocs/LibarySystem/app/Controllers/AuthController.php(15): App\Core\Model->__construct()
#2 /opt/lampp/htdocs/LibarySystem/public/index.php(119): App\Controllers\AuthController->__construct()
#3 {main}

[2026-02-02 03:30:05] EXCEPTION: Unable to connect to the database. Please try again later.
File: /opt/lampp/htdocs/LibarySystem/app/Core/Model.php (Line: 34)
Stack trace:
#0 /opt/lampp/htdocs/LibarySystem/app/Core/Model.php(15): App\Core\Model->getConnection()
#1 /opt/lampp/htdocs/LibarySystem/app/Controllers/AuthController.php(15): App\Core\Model->__construct()
#2 /opt/lampp/htdocs/LibarySystem/public/index.php(119): App\Controllers\AuthController->__construct()
#3 {main}

[2026-02-02 03:30:05] EXCEPTION: Unable to connect to the database. Please try again later.
File: /opt/lampp/htdocs/LibarySystem/app/Core/Model.php (Line: 34)
Stack trace:
#0 /opt/lampp/htdocs/LibarySystem/app/Core/Model.php(15): App\Core\Model->getConnection()
#1 /opt/lampp/htdocs/LibarySystem/app/Controllers/AuthController.php(15): App\Core\Model->__construct()
#2 /opt/lampp/htdocs/LibarySystem/public/index.php(119): App\Controllers\AuthController->__construct()
#3 {main}

[2026-02-02 03:30:05] EXCEPTION: Unable to connect to the database. Please try again later.
File: /opt/lampp/htdocs/LibarySystem/app/Core/Model.php (Line: 34)
Stack trace:
#0 /opt/lampp/htdocs/LibarySystem/app/Core/Model.php(15): App\Core\Model->getConnection()
#1 /opt/lampp/htdocs/LibarySystem/app/Controllers/AuthController.php(15): App\Core\Model->__construct()
#2 /opt/lampp/htdocs/LibarySystem/public/index.php(119): App\Controllers\AuthController->__construct()
#3 {main}

[2026-02-02 03:30:05] EXCEPTION: Unable to connect to the database. Please try again later.
File: /opt/lampp/htdocs/LibarySystem/app/Core/Model.php (Line: 34)
Stack trace:
#0 /opt/lampp/htdocs/LibarySystem/app/Core/Model.php(15): App\Core\Model->getConnection()
#1 /opt/lampp/htdocs/LibarySystem/app/Controllers/AuthController.php(15): App\Core\Model->__construct()
#2 /opt/lampp/htdocs/LibarySystem/public/index.php(119): App\Controllers\AuthController->__construct()
#3 {main}

[2026-02-02 03:30:09] EXCEPTION: Unable to connect to the database. Please try again later.
File: /opt/lampp/htdocs/LibarySystem/app/Core/Model.php (Line: 34)
Stack trace:
#0 /opt/lampp/htdocs/LibarySystem/app/Core/Model.php(15): App\Core\Model->getConnection()
#1 /opt/lampp/htdocs/LibarySystem/app/Controllers/AuthController.php(15): App\Core\Model->__construct()
#2 /opt/lampp/htdocs/LibarySystem/public/index.php(119): App\Controllers\AuthController->__construct()
#3 {main}

